// Jest Snapshot v1, https://goo.gl/fbAQLP

exports[`GlobalFooter renders correctly for fandom.com sites 1`] = `
<footer
  className="wds-global-footer"
>
  <h2
    className="wds-global-footer__header"
  >
    <a
      href="http://fandom.wikia.com"
      title="Fandom powered by Wikia"
    >
      <svg
        className="wds-global-footer__header-logo"
      >
        <use
          xlinkHref="#wds-company-logo-fandom-white"
        />
      </svg>
    </a>
  </h2>
  <div
    className="wds-global-footer__main"
  >
    <div
      className="wds-global-footer__fandom-sections"
    >
      <section
        className="wds-global-footer__fandom-section wds-is-fandom-overview"
      >
        <h3
          className="wds-global-footer__section-header"
        >
          global-footer-fandom-overview-header
        </h3>
        <ul
          className="wds-global-footer__links-list"
        >
          <li
            className="wds-global-footer__links-list-item"
          >
            <a
              className="wds-global-footer__link"
              href="http://fandom.wikia.com/games"
            >
              <div>
                Games
              </div>
            </a>
          </li>
          <li
            className="wds-global-footer__links-list-item"
          >
            <a
              className="wds-global-footer__link"
              href="http://fandom.wikia.com/movies"
            >
              <div>
                Movies
              </div>
            </a>
          </li>
          <li
            className="wds-global-footer__links-list-item"
          >
            <a
              className="wds-global-footer__link"
              href="http://fandom.wikia.com/tv"
            >
              <div>
                TV
              </div>
            </a>
          </li>
          <li
            className="wds-global-footer__links-list-item"
          >
            <a
              className="wds-global-footer__link"
              href="http://fandom.wikia.com/explore"
            >
              <div>
                global-footer-fandom-overview-link-explore-wikis
              </div>
            </a>
          </li>
        </ul>
      </section>
      <section
        className="wds-global-footer__fandom-section wds-is-follow-us"
      >
        <h3
          className="wds-global-footer__section-header"
        >
          Follow Us
        </h3>
        <ul
          className="wds-global-footer__links-list"
        >
          <li
            className="wds-global-footer__links-list-item"
          >
            <a
              className="wds-global-footer__link"
              data-tracking-label="follow-us.facebook"
              href="#"
            >
              <svg
                className="wds-global-footer__image wds-icon"
              >
                <use
                  xlinkHref="#wds-icons-facebook"
                />
              </svg>
            </a>
          </li>
          <li
            className="wds-global-footer__links-list-item"
          >
            <a
              className="wds-global-footer__link"
              data-tracking-label="follow-us.twitter"
              href="https://twitter.com/getfandom"
            >
              <svg
                className="wds-global-footer__image wds-icon"
              >
                <use
                  xlinkHref="#wds-icons-twitter"
                />
              </svg>
            </a>
          </li>
          <li
            className="wds-global-footer__links-list-item"
          >
            <a
              className="wds-global-footer__link"
              data-tracking-label="follow-us.youtube"
              href="https://www.youtube.com/channel/UC988qTQImTjO7lUdPfYabgQ"
            >
              <svg
                className="wds-global-footer__image wds-icon"
              >
                <use
                  xlinkHref="#wds-icons-youtube"
                />
              </svg>
            </a>
          </li>
          <li
            className="wds-global-footer__links-list-item"
          >
            <a
              className="wds-global-footer__link"
              data-tracking-label="follow-us.instagram"
              href="https://www.instagram.com/getfandom/"
            >
              <svg
                className="wds-global-footer__image wds-icon"
              >
                <use
                  xlinkHref="#wds-icons-instagram"
                />
              </svg>
            </a>
          </li>
          <li
            className="wds-global-footer__links-list-item"
          >
            <a
              className="wds-global-footer__link"
              data-tracking-label="follow-us.linkedin"
              href="https://www.linkedin.com/company/157252"
            >
              <svg
                className="wds-global-footer__image wds-icon"
              >
                <use
                  xlinkHref="#wds-icons-linkedin"
                />
              </svg>
            </a>
          </li>
        </ul>
      </section>
    </div>
    <div
      className="wds-global-footer__wikia-sections"
    >
      <section
        className="wds-global-footer__wikia-section wds-is-company-overview"
      >
        <h3
          className="wds-global-footer__section-header"
        >
          Overview
        </h3>
        <ul
          className="wds-global-footer__links-list"
        >
          <li
            className="wds-global-footer__links-list-item"
          >
            <a
              className="wds-global-footer__link"
              href="http://www.wikia.com/about"
            >
              About
            </a>
          </li>
          <li
            className="wds-global-footer__links-list-item"
          >
            <a
              className="wds-global-footer__link"
              href="https://careers.wikia.com"
            >
              Careers
            </a>
          </li>
          <li
            className="wds-global-footer__links-list-item"
          >
            <a
              className="wds-global-footer__link"
              href="http://fandom.wikia.com/press"
            >
              Press
            </a>
          </li>
          <li
            className="wds-global-footer__links-list-item"
          >
            <a
              className="wds-global-footer__link"
              href="http://fandom.wikia.com/contact"
            >
              Contact
            </a>
          </li>
        </ul>
      </section>
      <section
        className="wds-global-footer__wikia-section wds-is-site-overview"
      >
        
        <ul
          className="wds-global-footer__links-list"
        >
          <li
            className="wds-global-footer__links-list-item"
          >
            <a
              className="wds-global-footer__link"
              href="http://www.wikia.com/Terms_of_use"
            >
              Terms of Use
            </a>
          </li>
          <li
            className="wds-global-footer__links-list-item"
          >
            <a
              className="wds-global-footer__link"
              href="http://www.wikia.com/Privacy_Policy"
            >
              Privacy Policy
            </a>
          </li>
          <li
            className="wds-global-footer__links-list-item"
          >
            <a
              className="wds-global-footer__link"
              href="http://www.wikia.com/Sitemap"
            >
              Global Sitemap
            </a>
          </li>
          <li
            className="wds-global-footer__links-list-item"
          >
            <a
              className="wds-global-footer__link"
              href="/wiki/Local_Sitemap"
            >
              Local Sitemap
            </a>
          </li>
        </ul>
      </section>
      <section
        className="wds-global-footer__wikia-section wds-is-community"
      >
        <h3
          className="wds-global-footer__section-header"
        >
          Community
        </h3>
        <ul
          className="wds-global-footer__links-list"
        >
          <li
            className="wds-global-footer__links-list-item"
          >
            <a
              className="wds-global-footer__link"
              href="http://community.wikia.com/wiki/Community_Central"
            >
              Community Central
            </a>
          </li>
          <li
            className="wds-global-footer__links-list-item"
          >
            <a
              className="wds-global-footer__link"
              href="http://community.wikia.com/wiki/Special:Contact"
            >
              Support
            </a>
          </li>
          <li
            className="wds-global-footer__links-list-item"
          >
            <a
              className="wds-global-footer__link"
              href="http://fandom.wikia.com/fan-contributor"
            >
              Fan Contributor Program
            </a>
          </li>
          <li
            className="wds-global-footer__links-list-item"
          >
            <a
              className="wds-global-footer__link"
              href="http://www.wikia.com/WAM"
            >
              WAM Score
            </a>
          </li>
          <li
            className="wds-global-footer__links-list-item"
          >
            <a
              className="wds-global-footer__link"
              href="http://community.wikia.com/wiki/Help:Contents"
            >
              Help
            </a>
          </li>
        </ul>
      </section>
      <section
        className="wds-global-footer__wikia-section wds-is-create-wiki"
      >
        
        <span
          className="wds-global-footer__section-description"
        >
          Can't find a community you love? Create your own and start something epic.
        </span>
        <ul
          className="wds-global-footer__links-list"
        >
          <li
            className="wds-global-footer__links-list-item"
          >
            <a
              className="wds-global-footer__link"
              href="http://www.wikia.com/Special:CreateNewWiki"
            >
              Start a wiki
            </a>
          </li>
        </ul>
      </section>
      <section
        className="wds-global-footer__wikia-section wds-is-community-apps"
      >
        <h3
          className="wds-global-footer__section-header"
        >
          Community Apps
        </h3>
        <span
          className="wds-global-footer__section-description"
        >
          Take your favorite fandoms with you and never miss a beat.
        </span>
        <ul
          className="wds-global-footer__links-list"
        >
          <li
            className="wds-global-footer__links-list-item"
          >
            <a
              className="wds-global-footer__link"
              href="https://itunes.apple.com/developer/wikia-inc./id422467077"
            >
              <svg
                className="wds-global-footer__image wds-icon"
              >
                <use
                  xlinkHref="#wds-company-store-appstore"
                />
              </svg>
            </a>
          </li>
          <li
            className="wds-global-footer__links-list-item"
          >
            <a
              className="wds-global-footer__link"
              href="https://play.google.com/store/apps/developer?id=Wikia,+Inc."
            >
              <svg
                className="wds-global-footer__image wds-icon"
              >
                <use
                  xlinkHref="#wds-company-store-googleplay"
                />
              </svg>
            </a>
          </li>
        </ul>
      </section>
      <section
        className="wds-global-footer__wikia-section wds-is-advertise"
      >
        <h3
          className="wds-global-footer__section-header"
        >
          Advertise
        </h3>
        <ul
          className="wds-global-footer__links-list"
        >
          <li
            className="wds-global-footer__links-list-item"
          >
            <a
              className="wds-global-footer__link"
              href="http://fandom.wikia.com/mediakit"
            >
              Media Kit
            </a>
          </li>
          <li
            className="wds-global-footer__links-list-item"
          >
            <a
              className="wds-global-footer__link"
              href="http://fandom.wikia.com/mediakit#contact"
            >
              Contact
            </a>
          </li>
        </ul>
      </section>
    </div>
  </div>
  <div
    className="wds-global-footer__bottom-bar"
  >
    <div
      className="wds-global-footer__bottom-bar-row wds-has-padding"
    >
      global-footer-licensing-and-vertical-description
    </div>
  </div>
</footer>
`;

exports[`GlobalFooter renders correctly for wikia.org 1`] = `
<footer
  className="wds-global-footer-wikia-org"
>
  <h2
    className="wds-global-footer-wikia-org__header"
  >
    <a
      href="https://www.wikia.org"
      title="Wikia.org"
    >
      <svg
        className="wds-global-footer__header-logo"
      >
        <use
          xlinkHref="#wds-company-logo-wikia-org"
        />
      </svg>
    </a>
  </h2>
  <ul
    className="wds-global-footer-wikia-org__links"
  >
    <li
      className="wds-global-footer-wikia-org__link"
    >
      global-footer-site-overview-link-wikia-inc
    </li>
    <li
      className="wds-global-footer-wikia-org__link"
    >
      <a
        data-tracking-label="site-overview.terms-of-use"
        href="https://www.fandom.com/terms-of-use"
      >
        global-footer-site-overview-link-terms-of-use
      </a>
    </li>
    <li
      className="wds-global-footer-wikia-org__link"
    >
      <a
        data-tracking-label="site-overview.privacy-policy"
        href="https://www.fandom.com/privacy-policy"
      >
        global-footer-site-overview-link-privacy-policy
      </a>
    </li>
    <li
      className="wds-global-footer-wikia-org__link"
    >
      <a
        data-tracking-label="community.support"
        href="//community.fandom.com/wiki/Special:Contact"
      >
        global-footer-community-link-support
      </a>
    </li>
    <li
      className="wds-global-footer-wikia-org__link"
    >
      <a
        data-tracking-label="community.help"
        href="//community.fandom.com/wiki/Help:Contents"
      >
        global-footer-community-link-help
      </a>
    </li>
  </ul>
</footer>
`;
