// Jest Snapshot v1, https://goo.gl/fbAQLP

exports[`SearchToggle renders 1`] = `
<div
  className="wds-global-navigation__search-toggle"
  onClick={[Function]}
  role="searchbox"
  tabIndex="0"
>
  <Icon
    className="wds-global-navigation__search-toggle-icon"
    name="magnifying-glass-small"
    small={true}
    tiny={false}
  />
  <Icon
    className="wds-global-navigation__search-toggle-icon"
    name="magnifying-glass"
    small={false}
    tiny={false}
  />
  <span
    className="wds-global-navigation__search-toggle-text"
  >
    global-navigation-search-placeholder-inactive
  </span>
</div>
`;
