// Jest Snapshot v1, https://goo.gl/fbAQLP

exports[`AddedTags renders with default props 1`] = `
<AddedTags
  className="foo"
  onRemove={[Function]}
  tags={
    Array [
      Object {
        "articleId": "1",
        "articleTitle": "Foo",
      },
      Object {
        "articleId": "2",
        "articleTitle": "Bar",
      },
      Object {
        "articleId": "3",
        "articleTitle": "FooBar",
      },
    ]
  }
>
  <AddedTags__Wrapper
    className="foo"
  >
    <div
      className="AddedTags__Wrapper-if94vv-1 jnTuhh foo"
    >
      <AddedTags__Tag
        key="1"
        onRemove={[Function]}
        removable={true}
        tag="Foo"
      >
        <StyledTag
          className="AddedTags__Tag-if94vv-0 drIHtZ"
          onClick={null}
          onRemove={[Function]}
          removable={true}
          secondary={false}
          tag="Foo"
        >
          <StyledTag__Wrapper
            className="AddedTags__Tag-if94vv-0 drIHtZ"
            onClick={null}
            secondary={false}
          >
            <span
              className="StyledTag__Wrapper-ja2wb4-0 icisQT AddedTags__Tag-if94vv-0 drIHtZ"
              onClick={null}
            >
              Foo
              <StyledTag__Icon
                onClick={[Function]}
              >
                <_default
                  className="StyledTag__Icon-ja2wb4-1 lfRuQJ"
                  onClick={[Function]}
                >
                  <_default
                    className="StyledTag__Icon-ja2wb4-1 lfRuQJ"
                    onClick={[Function]}
                  >
                    <div
                      className="StyledTag__Icon-ja2wb4-1 lfRuQJ"
                      onClick={[Function]}
                    />
                  </_default>
                </_default>
              </StyledTag__Icon>
            </span>
          </StyledTag__Wrapper>
        </StyledTag>
      </AddedTags__Tag>
      <AddedTags__Tag
        key="2"
        onRemove={[Function]}
        removable={true}
        tag="Bar"
      >
        <StyledTag
          className="AddedTags__Tag-if94vv-0 drIHtZ"
          onClick={null}
          onRemove={[Function]}
          removable={true}
          secondary={false}
          tag="Bar"
        >
          <StyledTag__Wrapper
            className="AddedTags__Tag-if94vv-0 drIHtZ"
            onClick={null}
            secondary={false}
          >
            <span
              className="StyledTag__Wrapper-ja2wb4-0 icisQT AddedTags__Tag-if94vv-0 drIHtZ"
              onClick={null}
            >
              Bar
              <StyledTag__Icon
                onClick={[Function]}
              >
                <_default
                  className="StyledTag__Icon-ja2wb4-1 lfRuQJ"
                  onClick={[Function]}
                >
                  <_default
                    className="StyledTag__Icon-ja2wb4-1 lfRuQJ"
                    onClick={[Function]}
                  >
                    <div
                      className="StyledTag__Icon-ja2wb4-1 lfRuQJ"
                      onClick={[Function]}
                    />
                  </_default>
                </_default>
              </StyledTag__Icon>
            </span>
          </StyledTag__Wrapper>
        </StyledTag>
      </AddedTags__Tag>
      <AddedTags__Tag
        key="3"
        onRemove={[Function]}
        removable={true}
        tag="FooBar"
      >
        <StyledTag
          className="AddedTags__Tag-if94vv-0 drIHtZ"
          onClick={null}
          onRemove={[Function]}
          removable={true}
          secondary={false}
          tag="FooBar"
        >
          <StyledTag__Wrapper
            className="AddedTags__Tag-if94vv-0 drIHtZ"
            onClick={null}
            secondary={false}
          >
            <span
              className="StyledTag__Wrapper-ja2wb4-0 icisQT AddedTags__Tag-if94vv-0 drIHtZ"
              onClick={null}
            >
              FooBar
              <StyledTag__Icon
                onClick={[Function]}
              >
                <_default
                  className="StyledTag__Icon-ja2wb4-1 lfRuQJ"
                  onClick={[Function]}
                >
                  <_default
                    className="StyledTag__Icon-ja2wb4-1 lfRuQJ"
                    onClick={[Function]}
                  >
                    <div
                      className="StyledTag__Icon-ja2wb4-1 lfRuQJ"
                      onClick={[Function]}
                    />
                  </_default>
                </_default>
              </StyledTag__Icon>
            </span>
          </StyledTag__Wrapper>
        </StyledTag>
      </AddedTags__Tag>
    </div>
  </AddedTags__Wrapper>
</AddedTags>
`;
