// Jest Snapshot v1, https://goo.gl/fbAQLP

exports[`SuggestedTags renders with default props 1`] = `
<SuggestedTags
  className="foo"
  onClick={[Function]}
  tags={
    Array [
      Object {
        "articleId": "1",
        "articleTitle": "Foo",
      },
      Object {
        "articleId": "2",
        "articleTitle": "Bar",
      },
      Object {
        "articleId": "3",
        "articleTitle": "FooBar",
      },
    ]
  }
>
  <SuggestedTags__Wrapper
    className="foo"
  >
    <div
      className="SuggestedTags__Wrapper-yazuu8-1 kDEEhr foo"
    >
      <SuggestedTags__SuggestedLabel>
        <div
          className="SuggestedTags__SuggestedLabel-yazuu8-2 iTNNRu"
        >
          Suggested
        </div>
      </SuggestedTags__SuggestedLabel>
      <SuggestedTags__Tag
        key="1"
        onClick={[Function]}
        secondary={true}
        tag="Foo"
      >
        <StyledTag
          className="SuggestedTags__Tag-yazuu8-0 bOGtrE"
          onClick={[Function]}
          onRemove={null}
          removable={false}
          secondary={true}
          tag="Foo"
        >
          <StyledTag__Wrapper
            className="SuggestedTags__Tag-yazuu8-0 bOGtrE"
            onClick={[Function]}
            secondary={true}
          >
            <span
              className="StyledTag__Wrapper-ja2wb4-0 iWktsc SuggestedTags__Tag-yazuu8-0 bOGtrE"
              onClick={[Function]}
            >
              Foo
            </span>
          </StyledTag__Wrapper>
        </StyledTag>
      </SuggestedTags__Tag>
      <SuggestedTags__Tag
        key="2"
        onClick={[Function]}
        secondary={true}
        tag="Bar"
      >
        <StyledTag
          className="SuggestedTags__Tag-yazuu8-0 bOGtrE"
          onClick={[Function]}
          onRemove={null}
          removable={false}
          secondary={true}
          tag="Bar"
        >
          <StyledTag__Wrapper
            className="SuggestedTags__Tag-yazuu8-0 bOGtrE"
            onClick={[Function]}
            secondary={true}
          >
            <span
              className="StyledTag__Wrapper-ja2wb4-0 iWktsc SuggestedTags__Tag-yazuu8-0 bOGtrE"
              onClick={[Function]}
            >
              Bar
            </span>
          </StyledTag__Wrapper>
        </StyledTag>
      </SuggestedTags__Tag>
      <SuggestedTags__Tag
        key="3"
        onClick={[Function]}
        secondary={true}
        tag="FooBar"
      >
        <StyledTag
          className="SuggestedTags__Tag-yazuu8-0 bOGtrE"
          onClick={[Function]}
          onRemove={null}
          removable={false}
          secondary={true}
          tag="FooBar"
        >
          <StyledTag__Wrapper
            className="SuggestedTags__Tag-yazuu8-0 bOGtrE"
            onClick={[Function]}
            secondary={true}
          >
            <span
              className="StyledTag__Wrapper-ja2wb4-0 iWktsc SuggestedTags__Tag-yazuu8-0 bOGtrE"
              onClick={[Function]}
            >
              FooBar
            </span>
          </StyledTag__Wrapper>
        </StyledTag>
      </SuggestedTags__Tag>
    </div>
  </SuggestedTags__Wrapper>
</SuggestedTags>
`;
