// Jest Snapshot v1, https://goo.gl/fbAQLP

exports[`MobileUser renders correctly for anon 1`] = `
<ComponentWrapper
  model={
    Object {
      "mockedAnon": "mocked-anon-value",
    }
  }
/>
`;

exports[`MobileUser renders correctly for user 1`] = `
<MobileLoggedIn
  header="some-label"
  isOpen={false}
  openModal={[Function]}
  track={[Function]}
  user={
    Object {
      "mockedUser": "mocked-user-value",
    }
  }
/>
`;

exports[`MobileUser returns null when no data is provided 1`] = `""`;
