// Jest Snapshot v1, https://goo.gl/fbAQLP

exports[`LinkText renders correctly 1`] = `
<a
  className="wds-global-footer__link"
  href="http://www.wikia.com/about"
>
  About
</a>
`;

exports[`LnkText renders correctly 1`] = `
<a
  className="wds-global-footer__link"
  href="http://www.wikia.com/about"
>
  About
</a>
`;
